ESP-ROM:esp32s3-20210327
Build:Mar 27 2021
rst:0x1 (POWERON),boot:0x8 (SPI_FAST_FLASH_BOOT)
SPIWP:0xee
mode:DIO, clock div:1
load:0x3fce3808,len:0x4bc
load:0x403c9700,len:0xbd8
load:0x403cc700,len:0x2a0c
entry 0x403c98d0

===============================
      CAR ECU START
===============================
[CAR PROVISION] car_id da co: car_21
[CAR NFC] Da nap 9 the tu whitelist (NVS)
[CAR BLE  ] Advertising
[NFC] RC522 initialized
[CAR NFC] San sang quet the (backup, khong can mang)...
[CAR BLE  ] Connected
[CAR RX   ] READY
[CAR] Keyfob bao car_id="car_22" KHONG KHOP voi xe nay (car_21) - tu choi
[CAR TX   ] AUTH_FAIL
[CAR BLE  ] Disconnected - cooldown 3000 ms
[CAR BLE  ] Advertising
