
===============================
      CAR ECU START
===============================
[CAR PROVISION] car_id đã có: car_26
[CAR NFC] Đã nạp 1 thẻ từ whitelist
[CAR BLE  ] Advertising
[NFC] RC522 initialized
[CAR NFC] Sẵn sàng quét thẻ...
[CAR BLE  ] Connected
[CAR RX   ] READY
[CAR] Keyfob báo cáo car_id = "car_27" không khớp với xe này (car_26) - từ chối kết nối
[CAR TX   ] AUTH_FAIL
[CAR BLE  ] Disconnected - cooldown 3000 ms
[CAR BLE  ] Advertising
[CAR BLE  ] Connected
[CAR RX   ] READY
[CAR] Keyfob báo cáo car_id = "car_27" không khớp với xe này (car_26) - từ chối kết nối
[CAR TX   ] AUTH_FAIL
[CAR BLE  ] Disconnected - cooldown 3000 ms
[CAR BLE  ] Advertising
