[CAR ERROR] Khong nhan duoc phan hoi tu Gateway (timeout)
[CAR] Gateway chua san sang, thu lai sau 3000 ms...
[CAR] Da gui KeyRequest qua CAN, cho phan hoi tu Gateway...
[CAR ERROR] Khong nhan duoc phan hoi tu Gateway (timeout)
[CAR] Gateway chua san sang, thu lai sau 6000 ms...
[CAR] Da gui KeyRequest qua CAN, cho phan hoi tu Gateway...
[CAR ERROR] Khong nhan duoc phan hoi tu Gateway (timeout)
[CAR] Gateway chua san sang, thu lai sau 12000 ms...
[CAR] Da gui KeyRequest qua CAN, cho phan hoi tu Gateway...
[CAR ERROR] Khong nhan duoc phan hoi tu Gateway (timeout)
[CAR] Gateway chua san sang, thu lai sau 24000 ms...
[CAR] Da gui KeyRequest qua CAN, cho phan hoi tu Gateway...
[CAR ERROR] Khong nhan duoc phan hoi tu Gateway (timeout)
[CAR] Gateway chua san sang, thu lai sau 30000 ms...
[CAR] Da gui KeyRequest qua CAN, cho phan hoi tu Gateway...
[CAR ERROR] Khong nhan duoc phan hoi tu Gateway (timeout)
[CAR] Gateway chua san sang, thu lai sau 30000 ms...
[CAR] Da gui KeyRequest qua CAN, cho phan hoi tu Gateway...
[CAR ERROR] Khong nhan duoc phan hoi tu Gateway (timeout)
[CAR] Gateway chua san sang, thu lai sau 30000 ms...
[CAR] Da gui KeyRequest qua CAN, cho phan hoi tu Gateway...
[CAR BLE  ] Disconnected - cooldown 3000 ms
[CAR ERROR] Khong nhan duoc phan hoi tu Gateway (timeout)
[CAR] Gateway chua san sang, thu lai sau 30000 ms...
[CAR BLE  ] Advertising
[CAR BLE  ] Connected
[CAR RX   ] READY
[CAR] Keyfob da ket noi, dang cho key_root tu Gateway...
