
===============================
      CAR ECU START
===============================
[CAR PROVISION] car_id da co: car_21
[CAR NFC] Da nap 9 the tu whitelist (NVS)
[NFC] RC522 initialized
[CAR NFC] San sang quet the (backup, khong can mang)...
[CAR BLE  ] Advertising
[CAR BLE  ] Connected
[CAR RX   ] READY
[CAR] Keyfob bao car_id="car_22" KHONG KHOP voi xe nay (car_21) - tu choi
[CAR TX   ] AUTH_FAIL
[CAR BLE  ] Disconnected - cooldown 3000 ms
[CAR BLE  ] Advertising
[CAR BLE  ] Connected
[CAR RX   ] READY
[CAR] Keyfob bao car_id="car_22" KHONG KHOP voi xe nay (car_21) - tu choi
[CAR TX   ] AUTH_FAIL
[CAR BLE  ] Disconnected - cooldown 3000 ms
[CAR BLE  ] Advertising
[CAR BLE  ] Connected
[CAR RX   ] READY
[CAR] Keyfob bao car_id="car_22" KHONG KHOP voi xe nay (car_21) - tu choi
[CAR TX   ] AUTH_FAIL
[CAR BLE  ] Disconnected - cooldown 3000 ms
[CAR BLE  ] Advertising
[CAR BLE  ] Connected
[CAR RX   ] READY
[CAR] Keyfob bao car_id="car_22" KHONG KHOP voi xe nay (car_21) - tu choi
[CAR TX   ] AUTH_FAIL
[CAR BLE  ] Disconnected - cooldown 3000 ms
[CAR BLE  ] Advertising
[CAR BLE  ] Connected
[CAR RX   ] READY
[CAR] Keyfob bao car_id="car_22" KHONG KHOP voi xe nay (car_21) - tu choi
[CAR TX   ] AUTH_FAIL
[CAR BLE  ] Disconnected - cooldown 3000 ms
