
===============================
      CAR ECU START
===============================
[CAR PROVISION] car_id đã có: car_27
[CAR NFC] Đã nạp 1 thẻ từ whitelist
[CAR BLE  ] Advertising
[NFC] RC522 initialized
[CAR NFC] Sẵn sàng quét thẻ...
[CAR BLE  ] Connected
[CAR RX   ] READY
[CAR] Keyfob báo cáo car_id = "car_26" không khớp với xe này (car_27) - từ chối kết nối
[CAR TX   ] AUTH_FAIL
[CAR BLE  ] Disconnected - cooldown 3000 ms
[CAR BLE  ] Advertising
[CAR BLE  ] Connected
[CAR RX   ] READY
[CAR] Keyfob báo cáo car_id = "car_26" không khớp với xe này (car_27) - từ chối kết nối
[CAR TX   ] AUTH_FAIL
[CAR BLE  ] Disconnected - cooldown 3000 ms
[CAR BLE  ] Advertising
UID_DETECTED:EB351207
[CAR NFC] Mã số thẻ EB351207 hợp lệ. Mở khóa thành công
[CAR NFC] Đã mở khóa xe. Tạm dừng quét trong 30000 ms
[CAR BLE  ] Connected
[CAR RX   ] READY
[CAR] Keyfob báo cáo car_id = "car_26" không khớp với xe này (car_27) - từ chối kết nối
[CAR TX   ] AUTH_FAIL
[CAR BLE  ] Disconnected - cooldown 3000 ms
[CAR BLE  ] Advertising
[CAR BLE  ] Connected
[CAR RX   ] READY
[CAR] Keyfob báo cáo car_id = "car_26" không khớp với xe này (car_27) - từ chối kết nối
[CAR TX   ] AUTH_FAIL
[CAR BLE  ] Disconnected - cooldown 3000 ms
